
> notasapp@0.0.1 test
> ng test --watch=false --browsers=ChromeHeadless

[33m❯[39m Building...
[32m✔[39m Building...
[1mInitial chunk files[22m            [2m | [22m[1mNames[22m                       [2m | [22m [1mRaw size[22m
[32mchunk-GKFQG4U6.js[39m              [2m | [22m[2m-[22m                           [2m | [22m  [36m2.28 MB[39m[2m | [22m
[32mspec-app.component.spec.js[39m     [2m | [22m[2mspec-app.component.spec[22m     [2m | [22m  [36m1.75 MB[39m[2m | [22m
[32mpolyfills.js[39m                   [2m | [22m[2mpolyfills[22m                   [2m | [22m  [36m1.03 MB[39m[2m | [22m
[32mchunk-3SJR5R43.js[39m              [2m | [22m[2m-[22m                           [2m | [22m[36m382.31 kB[39m[2m | [22m
[32mchunk-U5XN6XWG.js[39m              [2m | [22m[2m-[22m                           [2m | [22m[36m293.69 kB[39m[2m | [22m
[32mchunk-WNDC6VOT.js[39m              [2m | [22m[2m-[22m                           [2m | [22m[36m232.07 kB[39m[2m | [22m
[32mchunk-K45PWBV5.js[39m              [2m | [22m[2m-[22m                           [2m | [22m[36m229.29 kB[39m[2m | [22m
[32mstyles.css[39m                     [2m | [22m[2mstyles[22m                      [2m | [22m[36m175.52 kB[39m[2m | [22m
[32mchunk-7FDHUQWW.js[39m              [2m | [22m[2m-[22m                           [2m | [22m[36m163.30 kB[39m[2m | [22m
[32mchunk-O3V776ZK.js[39m              [2m | [22m[2m-[22m                           [2m | [22m[36m128.20 kB[39m[2m | [22m
[32mchunk-Z2F632UV.js[39m              [2m | [22m[2m-[22m                           [2m | [22m [36m94.53 kB[39m[2m | [22m
[32mtest_main.js[39m                   [2m | [22m[2mtest_main[22m                   [2m | [22m [36m93.70 kB[39m[2m | [22m
[32mchunk-FQVLKWB7.js[39m              [2m | [22m[2m-[22m                           [2m | [22m [36m65.45 kB[39m[2m | [22m
[32mchunk-VRZQFXGC.js[39m              [2m | [22m[2m-[22m                           [2m | [22m [36m33.60 kB[39m[2m | [22m
[32mspec-detalle-tarea.page.spec.js[39m[2m | [22m[2mspec-detalle-tarea.page.spec[22m[2m | [22m [36m33.42 kB[39m[2m | [22m
[32mchunk-BBA22BUH.js[39m              [2m | [22m[2m-[22m                           [2m | [22m [36m29.35 kB[39m[2m | [22m
[32mchunk-356MVLQW.js[39m              [2m | [22m[2m-[22m                           [2m | [22m [36m28.97 kB[39m[2m | [22m
[32mchunk-LA6CZ4AU.js[39m              [2m | [22m[2m-[22m                           [2m | [22m [36m22.52 kB[39m[2m | [22m
[32mchunk-EIMUG3PL.js[39m              [2m | [22m[2m-[22m                           [2m | [22m [36m20.72 kB[39m[2m | [22m
[32mchunk-JXR6YZSH.js[39m              [2m | [22m[2m-[22m                           [2m | [22m [36m20.52 kB[39m[2m | [22m
[32mchunk-F6ACTOZO.js[39m              [2m | [22m[2m-[22m                           [2m | [22m [36m18.22 kB[39m[2m | [22m
[32mspec-editar-tarea.page.spec.js[39m [2m | [22m[2mspec-editar-tarea.page.spec[22m [2m | [22m [36m13.08 kB[39m[2m | [22m
[32mspec-home.page.spec.js[39m         [2m | [22m[2mspec-home.page.spec[22m         [2m | [22m [36m12.87 kB[39m[2m | [22m
[32mchunk-6HJKRNGZ.js[39m              [2m | [22m[2m-[22m                           [2m | [22m [36m12.45 kB[39m[2m | [22m
[32mspec-api-tareas.spec.js[39m        [2m | [22m[2mspec-api-tareas.spec[22m        [2m | [22m [36m11.87 kB[39m[2m | [22m
[32mspec-agregar-tarea.page.spec.js[39m[2m | [22m[2mspec-agregar-tarea.page.spec[22m[2m | [22m [36m11.41 kB[39m[2m | [22m
[32mchunk-VO75CNJY.js[39m              [2m | [22m[2m-[22m                           [2m | [22m [36m11.32 kB[39m[2m | [22m
[32mchunk-KCP34RZH.js[39m              [2m | [22m[2m-[22m                           [2m | [22m  [36m9.75 kB[39m[2m | [22m
[32mspec-login.page.spec.js[39m        [2m | [22m[2mspec-login.page.spec[22m        [2m | [22m  [36m8.11 kB[39m[2m | [22m
[32mchunk-CCLA7PPN.js[39m              [2m | [22m[2m-[22m                           [2m | [22m  [36m8.09 kB[39m[2m | [22m
[32mchunk-JFMPIF7U.js[39m              [2m | [22m[2m-[22m                           [2m | [22m  [36m8.03 kB[39m[2m | [22m
[32mspec-api-tareas.page.spec.js[39m   [2m | [22m[2mspec-api-tareas.page.spec[22m   [2m | [22m  [36m6.96 kB[39m[2m | [22m
[32mspec-register.page.spec.js[39m     [2m | [22m[2mspec-register.page.spec[22m     [2m | [22m  [36m6.89 kB[39m[2m | [22m
[32mchunk-YXKEBSLL.js[39m              [2m | [22m[2m-[22m                           [2m | [22m  [36m6.50 kB[39m[2m | [22m
[32mchunk-34X6K5NF.js[39m              [2m | [22m[2m-[22m                           [2m | [22m  [36m6.48 kB[39m[2m | [22m
[32mchunk-JWAZIQ4S.js[39m              [2m | [22m[2m-[22m                           [2m | [22m  [36m6.15 kB[39m[2m | [22m
[32mchunk-6EZU24EH.js[39m              [2m | [22m[2m-[22m                           [2m | [22m  [36m5.01 kB[39m[2m | [22m
[32mspec-not-found.page.spec.js[39m    [2m | [22m[2mspec-not-found.page.spec[22m    [2m | [22m  [36m4.01 kB[39m[2m | [22m
[32mchunk-K5LSGGKI.js[39m              [2m | [22m[2m-[22m                           [2m | [22m  [36m4.00 kB[39m[2m | [22m
[32mchunk-WLDIRXGG.js[39m              [2m | [22m[2m-[22m                           [2m | [22m  [36m3.98 kB[39m[2m | [22m
[32mchunk-HK6KD75J.js[39m              [2m | [22m[2m-[22m                           [2m | [22m  [36m3.98 kB[39m[2m | [22m
[32mchunk-762M2KFK.js[39m              [2m | [22m[2m-[22m                           [2m | [22m  [36m3.45 kB[39m[2m | [22m
[32mchunk-6YBUCQSU.js[39m              [2m | [22m[2m-[22m                           [2m | [22m  [36m3.38 kB[39m[2m | [22m
[32mchunk-RXWKPGKN.js[39m              [2m | [22m[2m-[22m                           [2m | [22m  [36m3.30 kB[39m[2m | [22m
[32mchunk-WP3KTHGM.js[39m              [2m | [22m[2m-[22m                           [2m | [22m  [36m2.87 kB[39m[2m | [22m
[32mchunk-BMROAYUC.js[39m              [2m | [22m[2m-[22m                           [2m | [22m  [36m2.84 kB[39m[2m | [22m
[32mchunk-UY7HTZIX.js[39m              [2m | [22m[2m-[22m                           [2m | [22m  [36m2.82 kB[39m[2m | [22m
[32mchunk-DSUZ7WC6.js[39m              [2m | [22m[2m-[22m                           [2m | [22m  [36m2.61 kB[39m[2m | [22m
[32mchunk-X5IRIAKM.js[39m              [2m | [22m[2m-[22m                           [2m | [22m  [36m2.50 kB[39m[2m | [22m
[32mspec-auth.guard.spec.js[39m        [2m | [22m[2mspec-auth.guard.spec[22m        [2m | [22m  [36m2.44 kB[39m[2m | [22m
[32mchunk-YRWXUMMD.js[39m              [2m | [22m[2m-[22m                           [2m | [22m  [36m2.27 kB[39m[2m | [22m
[32mchunk-PQUYOW7L.js[39m              [2m | [22m[2m-[22m                           [2m | [22m  [36m2.09 kB[39m[2m | [22m
[32mchunk-FQKKKA5E.js[39m              [2m | [22m[2m-[22m                           [2m | [22m  [36m1.75 kB[39m[2m | [22m
[32mspec-auth.service.spec.js[39m      [2m | [22m[2mspec-auth.service.spec[22m      [2m | [22m  [36m1.16 kB[39m[2m | [22m
[32mchunk-KLCKSIVR.js[39m              [2m | [22m[2m-[22m                           [2m | [22m[36m678 bytes[39m[2m | [22m
[32mchunk-5Z73BTII.js[39m              [2m | [22m[2m-[22m                           [2m | [22m[36m595 bytes[39m[2m | [22m
[32mchunk-HDGMTXV5.js[39m              [2m | [22m[2m-[22m                           [2m | [22m[36m561 bytes[39m[2m | [22m
[32mjasmine-cleanup-0.js[39m           [2m | [22m[2mjasmine-cleanup-0[22m           [2m | [22m[36m519 bytes[39m[2m | [22m

[1m [22m                              [2m | [22m[1mInitial total[22m               [2m | [22m  [1m7.33 MB[22m

[1mLazy chunk files[22m               [2m | [22m[1mNames[22m                       [2m | [22m [1mRaw size[22m
[32mchunk-P2W2DHI3.js[39m              [2m | [22m[2mion-datetime_3-entry[22m        [2m | [22m[36m119.52 kB[39m[2m | [22m
[32mchunk-ACUWW35Z.js[39m              [2m | [22m[2mion-modal-entry[22m             [2m | [22m [36m74.12 kB[39m[2m | [22m
[32mchunk-ZAVNMGMT.js[39m              [2m | [22m[2mion-app_8-entry[22m             [2m | [22m [36m67.22 kB[39m[2m | [22m
[32mchunk-YHHRK5SL.js[39m              [2m | [22m[2mion-item_8-entry[22m            [2m | [22m [36m63.87 kB[39m[2m | [22m
[32mchunk-TNTFDHFF.js[39m              [2m | [22m[2mion-select_3-entry[22m          [2m | [22m [36m60.53 kB[39m[2m | [22m
[32mchunk-FLJNRILH.js[39m              [2m | [22m[2mion-textarea-entry[22m          [2m | [22m [36m55.21 kB[39m[2m | [22m
[32mchunk-ZQI5XVI2.js[39m              [2m | [22m[2mion-input-entry[22m             [2m | [22m [36m50.16 kB[39m[2m | [22m
[32mchunk-ERMIWMBD.js[39m              [2m | [22m[2mion-popover-entry[22m           [2m | [22m [36m49.67 kB[39m[2m | [22m
[32mchunk-DCMLQZ7Z.js[39m              [2m | [22m[2mion-alert-entry[22m             [2m | [22m [36m46.65 kB[39m[2m | [22m
[32mchunk-7VAOKNME.js[39m              [2m | [22m[2mion-refresher_2-entry[22m       [2m | [22m [36m42.66 kB[39m[2m | [22m
[32mchunk-ECIQJHFU.js[39m              [2m | [22m[2mion-range-entry[22m             [2m | [22m [36m42.02 kB[39m[2m | [22m
[32mchunk-MD5YC4K2.js[39m              [2m | [22m[2mion-segment_2-entry[22m         [2m | [22m [36m41.09 kB[39m[2m | [22m
[32mchunk-BBSAXIFM.js[39m              [2m | [22m[2m-[22m                           [2m | [22m [36m38.99 kB[39m[2m | [22m
[32mchunk-OJOMI4DF.js[39m              [2m | [22m[2mion-button_2-entry[22m          [2m | [22m [36m37.95 kB[39m[2m | [22m
[32mchunk-OCVLEIO4.js[39m              [2m | [22m[2mion-menu_3-entry[22m            [2m | [22m [36m36.73 kB[39m[2m | [22m
[2m...and 76 more lazy chunks files. Use "--verbose" to show all the files.[22m

Application bundle generation complete. [9.908 seconds] - 2025-12-15T00:59:38.233Z

[1m[33m[33m▲ [43;33m[[43;30mWARNING[43;33m][0m [1mThe glob pattern import("./**/*.entry.js*") did not match any files[0m [empty-glob]

    node_modules/@stencil/core/internal/client/index.js:173:4:
[37m      173 │     [32m`./${bundleId}.entry.js${BUILD5.hotModuleReplacement && hmrVe[37m...
          ╵     [32m~~~~~~~~~~~~~~~~~~~~~~~~~~~~~~~~~~~~~~~~~~~~~~~~~~~~~~~~~~~~~[0m

[39m[22m
[32m14 12 2025 21:59:42.081:INFO [karma-server]: [39mKarma v6.4.4 server started at http://localhost:9884/
[32m14 12 2025 21:59:42.083:INFO [launcher]: [39mLaunching browsers ChromeHeadless with concurrency unlimited
[32m14 12 2025 21:59:42.093:INFO [launcher]: [39mStarting browser ChromeHeadless
[32m14 12 2025 21:59:43.855:INFO [Edge 143.0.0.0 (Windows 10)]: [39mConnected on socket eFGiWBj2w9-d6ZAXAAAB with id 13893504
Edge 143.0.0.0 (Windows 10): Executed 0 of 18[32m SUCCESS[39m (0 secs / 0 secs)
[1A[2KLOG: [36m'e', TypeError: Failed to construct 'URL': Invalid base URL
TypeError: Failed to construct 'URL': Invalid base URL
    at getAssetPath (http://localhost:9884/base/node_modules/@stencil/core/internal/client/index.js:345:20)
    at getNamedUrl (http://localhost:9884/base/node_modules/@ionic/core/components/icon.js:47:16)
    at getUrl (http://localhost:9884/base/node_modules/@ionic/core/components/icon.js:27:16)
    at Icon2.loadIcon (http://localhost:9884/base/node_modules/@ionic/core/components/icon.js:365:25)
    at http://localhost:9884/base/node_modules/@ionic/core/components/icon.js:303:18
    at Icon2.waitUntilVisible (http://localhost:9884/base/node_modules/@ionic/core/components/icon.js:348:20)
    at Icon2.connectedCallback (http://localhost:9884/base/node_modules/@ionic/core/components/icon.js:301:14)
    at Icon2.connectedCallback (http://localhost:9884/base/node_modules/@stencil/core/internal/client/index.js:3987:35)
    at EmulatedEncapsulationDomRenderer2.insertBefore (http://localhost:9884/base/node_modules/@angular/platform-browser/fesm2022/dom_renderer.mjs:569:26)
    at nativeInsertBefore (http://localhost:9884/base/node_modules/@angular/core/fesm2022/debug_node.mjs:6790:14)[39m
Edge 143.0.0.0 (Windows 10): Executed 0 of 18[32m SUCCESS[39m (0 secs / 0 secs)
LOG: 'e', TypeError: Failed to construct 'URL': Invalid base URL
TypeError: Failed to construct 'URL': Invalid base URL
    at getAssetPath (http://localhost:9884/base/node_modules/@stencil/core/internal/client/index.js:345:20)
    at getNamedUrl (http://localhost:9884/base/node_modules/@ionic/core/components/icon.js:47:16)
    at getUrl (http://localhost:9884/base/node_modules/@ionic/core/components/icon.js:27:16)
    at Icon2.loadIcon (http://localhost:9884/base/node_modules/@ionic/core/components/icon.js:365:25)
    at http://localhost:9884/base/node_modules/@ionic/core/components/icon.js:303:18
    at Icon2.waitUntilVisible (http://localhost:9884/base/node_modules/@ionic/core/components/icon.js:348:20)
    at Icon2.connectedCallback (http://localhost:9884/base/node_modules/@ionic/core/components/icon.js:301:14)
    at Icon2.connectedCallback (http://localhost:9884/base/node_modules/@stencil/core/internal/client/index.js:3987:35)
    at EmulatedEncapsulationDomRenderer2.insertBefore (http://localhost:9884/base/node_modules/@angular/platform-browser/fesm2022/dom_renderer.mjs:569:26)
    at nativeInsertBefore (http://localhost:9884/base/node_modules/@angular/core/fesm2022/debug_node.mjs:6790:14)
[1A[2KWARN: [36m'[Ionicons Warning]: Could not load icon with name "calendar-outline". Ensure that the icon is registered using addIcons or that the icon SVG data is passed directly to the icon component.', <ion-icon _ngcontent-a-c2218527313="" name="calendar-outline"></ion-icon>[39m
Edge 143.0.0.0 (Windows 10): Executed 0 of 18[32m SUCCESS[39m (0 secs / 0 secs)
WARN: '[Ionicons Warning]: Could not load icon with name "calendar-outline". Ensure that the icon is registered using addIcons or that the icon SVG data is passed directly to the icon component.', <ion-icon _ngcontent-a-c2218527313="" name="calendar-outline"></ion-icon>
[1A[2KLOG: [36m'e', TypeError: Failed to construct 'URL': Invalid base URL
TypeError: Failed to construct 'URL': Invalid base URL
    at getAssetPath (http://localhost:9884/base/node_modules/@stencil/core/internal/client/index.js:345:20)
    at getNamedUrl (http://localhost:9884/base/node_modules/@ionic/core/components/icon.js:47:16)
    at getUrl (http://localhost:9884/base/node_modules/@ionic/core/components/icon.js:27:16)
    at Icon2.loadIcon (http://localhost:9884/base/node_modules/@ionic/core/components/icon.js:365:25)
    at http://localhost:9884/base/node_modules/@ionic/core/components/icon.js:303:18
    at Icon2.waitUntilVisible (http://localhost:9884/base/node_modules/@ionic/core/components/icon.js:348:20)
    at Icon2.connectedCallback (http://localhost:9884/base/node_modules/@ionic/core/components/icon.js:301:14)
    at Icon2.connectedCallback (http://localhost:9884/base/node_modules/@stencil/core/internal/client/index.js:3987:35)
    at EmulatedEncapsulationDomRenderer2.insertBefore (http://localhost:9884/base/node_modules/@angular/platform-browser/fesm2022/dom_renderer.mjs:569:26)
    at nativeInsertBefore (http://localhost:9884/base/node_modules/@angular/core/fesm2022/debug_node.mjs:6790:14)[39m
Edge 143.0.0.0 (Windows 10): Executed 0 of 18[32m SUCCESS[39m (0 secs / 0 secs)
LOG: 'e', TypeError: Failed to construct 'URL': Invalid base URL
TypeError: Failed to construct 'URL': Invalid base URL
    at getAssetPath (http://localhost:9884/base/node_modules/@stencil/core/internal/client/index.js:345:20)
    at getNamedUrl (http://localhost:9884/base/node_modules/@ionic/core/components/icon.js:47:16)
    at getUrl (http://localhost:9884/base/node_modules/@ionic/core/components/icon.js:27:16)
    at Icon2.loadIcon (http://localhost:9884/base/node_modules/@ionic/core/components/icon.js:365:25)
    at http://localhost:9884/base/node_modules/@ionic/core/components/icon.js:303:18
    at Icon2.waitUntilVisible (http://localhost:9884/base/node_modules/@ionic/core/components/icon.js:348:20)
    at Icon2.connectedCallback (http://localhost:9884/base/node_modules/@ionic/core/components/icon.js:301:14)
    at Icon2.connectedCallback (http://localhost:9884/base/node_modules/@stencil/core/internal/client/index.js:3987:35)
    at EmulatedEncapsulationDomRenderer2.insertBefore (http://localhost:9884/base/node_modules/@angular/platform-browser/fesm2022/dom_renderer.mjs:569:26)
    at nativeInsertBefore (http://localhost:9884/base/node_modules/@angular/core/fesm2022/debug_node.mjs:6790:14)
[1A[2KWARN: [36m'[Ionicons Warning]: Could not load icon with name "camera-outline". Ensure that the icon is registered using addIcons or that the icon SVG data is passed directly to the icon component.', <ion-icon _ngcontent-a-c2218527313="" name="camera-outline"></ion-icon>[39m
Edge 143.0.0.0 (Windows 10): Executed 0 of 18[32m SUCCESS[39m (0 secs / 0 secs)
WARN: '[Ionicons Warning]: Could not load icon with name "camera-outline". Ensure that the icon is registered using addIcons or that the icon SVG data is passed directly to the icon component.', <ion-icon _ngcontent-a-c2218527313="" name="camera-outline"></ion-icon>
[1A[2KLOG: [36m'e', TypeError: Failed to construct 'URL': Invalid base URL
TypeError: Failed to construct 'URL': Invalid base URL
    at getAssetPath (http://localhost:9884/base/node_modules/@stencil/core/internal/client/index.js:345:20)
    at getNamedUrl (http://localhost:9884/base/node_modules/@ionic/core/components/icon.js:47:16)
    at getUrl (http://localhost:9884/base/node_modules/@ionic/core/components/icon.js:27:16)
    at Icon2.loadIcon (http://localhost:9884/base/node_modules/@ionic/core/components/icon.js:365:25)
    at http://localhost:9884/base/node_modules/@ionic/core/components/icon.js:303:18
    at Icon2.waitUntilVisible (http://localhost:9884/base/node_modules/@ionic/core/components/icon.js:348:20)
    at Icon2.connectedCallback (http://localhost:9884/base/node_modules/@ionic/core/components/icon.js:301:14)
    at Icon2.connectedCallback (http://localhost:9884/base/node_modules/@stencil/core/internal/client/index.js:3987:35)
    at EmulatedEncapsulationDomRenderer2.insertBefore (http://localhost:9884/base/node_modules/@angular/platform-browser/fesm2022/dom_renderer.mjs:569:26)
    at nativeInsertBefore (http://localhost:9884/base/node_modules/@angular/core/fesm2022/debug_node.mjs:6790:14)[39m
Edge 143.0.0.0 (Windows 10): Executed 0 of 18[32m SUCCESS[39m (0 secs / 0 secs)
LOG: 'e', TypeError: Failed to construct 'URL': Invalid base URL
TypeError: Failed to construct 'URL': Invalid base URL
    at getAssetPath (http://localhost:9884/base/node_modules/@stencil/core/internal/client/index.js:345:20)
    at getNamedUrl (http://localhost:9884/base/node_modules/@ionic/core/components/icon.js:47:16)
    at getUrl (http://localhost:9884/base/node_modules/@ionic/core/components/icon.js:27:16)
    at Icon2.loadIcon (http://localhost:9884/base/node_modules/@ionic/core/components/icon.js:365:25)
    at http://localhost:9884/base/node_modules/@ionic/core/components/icon.js:303:18
    at Icon2.waitUntilVisible (http://localhost:9884/base/node_modules/@ionic/core/components/icon.js:348:20)
    at Icon2.connectedCallback (http://localhost:9884/base/node_modules/@ionic/core/components/icon.js:301:14)
    at Icon2.connectedCallback (http://localhost:9884/base/node_modules/@stencil/core/internal/client/index.js:3987:35)
    at EmulatedEncapsulationDomRenderer2.insertBefore (http://localhost:9884/base/node_modules/@angular/platform-browser/fesm2022/dom_renderer.mjs:569:26)
    at nativeInsertBefore (http://localhost:9884/base/node_modules/@angular/core/fesm2022/debug_node.mjs:6790:14)
[1A[2KWARN: [36m'[Ionicons Warning]: Could not load icon with name "location-outline". Ensure that the icon is registered using addIcons or that the icon SVG data is passed directly to the icon component.', <ion-icon _ngcontent-a-c2218527313="" name="location-outline"></ion-icon>[39m
Edge 143.0.0.0 (Windows 10): Executed 0 of 18[32m SUCCESS[39m (0 secs / 0 secs)
WARN: '[Ionicons Warning]: Could not load icon with name "location-outline". Ensure that the icon is registered using addIcons or that the icon SVG data is passed directly to the icon component.', <ion-icon _ngcontent-a-c2218527313="" name="location-outline"></ion-icon>
[1A[2KLOG: [36m'e', TypeError: Failed to construct 'URL': Invalid base URL
TypeError: Failed to construct 'URL': Invalid base URL
    at getAssetPath (http://localhost:9884/base/node_modules/@stencil/core/internal/client/index.js:345:20)
    at getNamedUrl (http://localhost:9884/base/node_modules/@ionic/core/components/icon.js:47:16)
    at getUrl (http://localhost:9884/base/node_modules/@ionic/core/components/icon.js:27:16)
    at Icon2.loadIcon (http://localhost:9884/base/node_modules/@ionic/core/components/icon.js:365:25)
    at http://localhost:9884/base/node_modules/@ionic/core/components/icon.js:303:18
    at Icon2.waitUntilVisible (http://localhost:9884/base/node_modules/@ionic/core/components/icon.js:348:20)
    at Icon2.connectedCallback (http://localhost:9884/base/node_modules/@ionic/core/components/icon.js:301:14)
    at Icon2.connectedCallback (http://localhost:9884/base/node_modules/@stencil/core/internal/client/index.js:3987:35)
    at EmulatedEncapsulationDomRenderer2.insertBefore (http://localhost:9884/base/node_modules/@angular/platform-browser/fesm2022/dom_renderer.mjs:569:26)
    at nativeInsertBefore (http://localhost:9884/base/node_modules/@angular/core/fesm2022/debug_node.mjs:6790:14)[39m
Edge 143.0.0.0 (Windows 10): Executed 0 of 18[32m SUCCESS[39m (0 secs / 0 secs)
LOG: 'e', TypeError: Failed to construct 'URL': Invalid base URL
TypeError: Failed to construct 'URL': Invalid base URL
    at getAssetPath (http://localhost:9884/base/node_modules/@stencil/core/internal/client/index.js:345:20)
    at getNamedUrl (http://localhost:9884/base/node_modules/@ionic/core/components/icon.js:47:16)
    at getUrl (http://localhost:9884/base/node_modules/@ionic/core/components/icon.js:27:16)
    at Icon2.loadIcon (http://localhost:9884/base/node_modules/@ionic/core/components/icon.js:365:25)
    at http://localhost:9884/base/node_modules/@ionic/core/components/icon.js:303:18
    at Icon2.waitUntilVisible (http://localhost:9884/base/node_modules/@ionic/core/components/icon.js:348:20)
    at Icon2.connectedCallback (http://localhost:9884/base/node_modules/@ionic/core/components/icon.js:301:14)
    at Icon2.connectedCallback (http://localhost:9884/base/node_modules/@stencil/core/internal/client/index.js:3987:35)
    at EmulatedEncapsulationDomRenderer2.insertBefore (http://localhost:9884/base/node_modules/@angular/platform-browser/fesm2022/dom_renderer.mjs:569:26)
    at nativeInsertBefore (http://localhost:9884/base/node_modules/@angular/core/fesm2022/debug_node.mjs:6790:14)
[1A[2KWARN: [36m'[Ionicons Warning]: Could not load icon with name "trash-outline". Ensure that the icon is registered using addIcons or that the icon SVG data is passed directly to the icon component.', <ion-icon _ngcontent-a-c2218527313="" name="trash-outline" slot="start"></ion-icon>[39m
Edge 143.0.0.0 (Windows 10): Executed 0 of 18[32m SUCCESS[39m (0 secs / 0 secs)
WARN: '[Ionicons Warning]: Could not load icon with name "trash-outline". Ensure that the icon is registered using addIcons or that the icon SVG data is passed directly to the icon component.', <ion-icon _ngcontent-a-c2218527313="" name="trash-outline" slot="start"></ion-icon>
[1A[2KLOG: [36m'e', TypeError: Failed to construct 'URL': Invalid base URL
TypeError: Failed to construct 'URL': Invalid base URL
    at getAssetPath (http://localhost:9884/base/node_modules/@stencil/core/internal/client/index.js:345:20)
    at getNamedUrl (http://localhost:9884/base/node_modules/@ionic/core/components/icon.js:47:16)
    at getUrl (http://localhost:9884/base/node_modules/@ionic/core/components/icon.js:27:16)
    at Icon2.loadIcon (http://localhost:9884/base/node_modules/@ionic/core/components/icon.js:365:25)
    at http://localhost:9884/base/node_modules/@ionic/core/components/icon.js:303:18
    at Icon2.waitUntilVisible (http://localhost:9884/base/node_modules/@ionic/core/components/icon.js:348:20)
    at Icon2.connectedCallback (http://localhost:9884/base/node_modules/@ionic/core/components/icon.js:301:14)
    at Icon2.connectedCallback (http://localhost:9884/base/node_modules/@stencil/core/internal/client/index.js:3987:35)
    at EmulatedEncapsulationDomRenderer2.insertBefore (http://localhost:9884/base/node_modules/@angular/platform-browser/fesm2022/dom_renderer.mjs:569:26)
    at nativeInsertBefore (http://localhost:9884/base/node_modules/@angular/core/fesm2022/debug_node.mjs:6790:14)[39m
Edge 143.0.0.0 (Windows 10): Executed 0 of 18[32m SUCCESS[39m (0 secs / 0 secs)
LOG: 'e', TypeError: Failed to construct 'URL': Invalid base URL
TypeError: Failed to construct 'URL': Invalid base URL
    at getAssetPath (http://localhost:9884/base/node_modules/@stencil/core/internal/client/index.js:345:20)
    at getNamedUrl (http://localhost:9884/base/node_modules/@ionic/core/components/icon.js:47:16)
    at getUrl (http://localhost:9884/base/node_modules/@ionic/core/components/icon.js:27:16)
    at Icon2.loadIcon (http://localhost:9884/base/node_modules/@ionic/core/components/icon.js:365:25)
    at http://localhost:9884/base/node_modules/@ionic/core/components/icon.js:303:18
    at Icon2.waitUntilVisible (http://localhost:9884/base/node_modules/@ionic/core/components/icon.js:348:20)
    at Icon2.connectedCallback (http://localhost:9884/base/node_modules/@ionic/core/components/icon.js:301:14)
    at Icon2.connectedCallback (http://localhost:9884/base/node_modules/@stencil/core/internal/client/index.js:3987:35)
    at EmulatedEncapsulationDomRenderer2.insertBefore (http://localhost:9884/base/node_modules/@angular/platform-browser/fesm2022/dom_renderer.mjs:569:26)
    at nativeInsertBefore (http://localhost:9884/base/node_modules/@angular/core/fesm2022/debug_node.mjs:6790:14)
[1A[2KWARN: [36m'[Ionicons Warning]: Could not load icon with name "camera-reverse-outline". Ensure that the icon is registered using addIcons or that the icon SVG data is passed directly to the icon component.', <ion-icon _ngcontent-a-c2218527313="" name="camera-reverse-outline" slot="start"></ion-icon>[39m
Edge 143.0.0.0 (Windows 10): Executed 0 of 18[32m SUCCESS[39m (0 secs / 0 secs)
WARN: '[Ionicons Warning]: Could not load icon with name "camera-reverse-outline". Ensure that the icon is registered using addIcons or that the icon SVG data is passed directly to the icon component.', <ion-icon _ngcontent-a-c2218527313="" name="camera-reverse-outline" slot="start"></ion-icon>
[1A[2KLOG: [36m'e', TypeError: Failed to construct 'URL': Invalid base URL
TypeError: Failed to construct 'URL': Invalid base URL
    at getAssetPath (http://localhost:9884/base/node_modules/@stencil/core/internal/client/index.js:345:20)
    at getNamedUrl (http://localhost:9884/base/node_modules/@ionic/core/components/icon.js:47:16)
    at getUrl (http://localhost:9884/base/node_modules/@ionic/core/components/icon.js:27:16)
    at Icon2.loadIcon (http://localhost:9884/base/node_modules/@ionic/core/components/icon.js:365:25)
    at http://localhost:9884/base/node_modules/@ionic/core/components/icon.js:303:18
    at Icon2.waitUntilVisible (http://localhost:9884/base/node_modules/@ionic/core/components/icon.js:348:20)
    at Icon2.connectedCallback (http://localhost:9884/base/node_modules/@ionic/core/components/icon.js:301:14)
    at Icon2.connectedCallback (http://localhost:9884/base/node_modules/@stencil/core/internal/client/index.js:3987:35)
    at EmulatedEncapsulationDomRenderer2.insertBefore (http://localhost:9884/base/node_modules/@angular/platform-browser/fesm2022/dom_renderer.mjs:569:26)
    at nativeInsertBefore (http://localhost:9884/base/node_modules/@angular/core/fesm2022/debug_node.mjs:6790:14)[39m
Edge 143.0.0.0 (Windows 10): Executed 0 of 18[32m SUCCESS[39m (0 secs / 0 secs)
LOG: 'e', TypeError: Failed to construct 'URL': Invalid base URL
TypeError: Failed to construct 'URL': Invalid base URL
    at getAssetPath (http://localhost:9884/base/node_modules/@stencil/core/internal/client/index.js:345:20)
    at getNamedUrl (http://localhost:9884/base/node_modules/@ionic/core/components/icon.js:47:16)
    at getUrl (http://localhost:9884/base/node_modules/@ionic/core/components/icon.js:27:16)
    at Icon2.loadIcon (http://localhost:9884/base/node_modules/@ionic/core/components/icon.js:365:25)
    at http://localhost:9884/base/node_modules/@ionic/core/components/icon.js:303:18
    at Icon2.waitUntilVisible (http://localhost:9884/base/node_modules/@ionic/core/components/icon.js:348:20)
    at Icon2.connectedCallback (http://localhost:9884/base/node_modules/@ionic/core/components/icon.js:301:14)
    at Icon2.connectedCallback (http://localhost:9884/base/node_modules/@stencil/core/internal/client/index.js:3987:35)
    at EmulatedEncapsulationDomRenderer2.insertBefore (http://localhost:9884/base/node_modules/@angular/platform-browser/fesm2022/dom_renderer.mjs:569:26)
    at nativeInsertBefore (http://localhost:9884/base/node_modules/@angular/core/fesm2022/debug_node.mjs:6790:14)
[1A[2KWARN: [36m'[Ionicons Warning]: Could not load icon with name "navigate-circle-outline". Ensure that the icon is registered using addIcons or that the icon SVG data is passed directly to the icon component.', <ion-icon _ngcontent-a-c2218527313="" name="navigate-circle-outline" slot="start"></ion-icon>[39m
Edge 143.0.0.0 (Windows 10): Executed 0 of 18[32m SUCCESS[39m (0 secs / 0 secs)
WARN: '[Ionicons Warning]: Could not load icon with name "navigate-circle-outline". Ensure that the icon is registered using addIcons or that the icon SVG data is passed directly to the icon component.', <ion-icon _ngcontent-a-c2218527313="" name="navigate-circle-outline" slot="start"></ion-icon>
[1A[2KLOG: [36m'e', TypeError: Failed to construct 'URL': Invalid base URL
TypeError: Failed to construct 'URL': Invalid base URL
    at getAssetPath (http://localhost:9884/base/node_modules/@stencil/core/internal/client/index.js:345:20)
    at getNamedUrl (http://localhost:9884/base/node_modules/@ionic/core/components/icon.js:47:16)
    at getUrl (http://localhost:9884/base/node_modules/@ionic/core/components/icon.js:27:16)
    at Icon2.loadIcon (http://localhost:9884/base/node_modules/@ionic/core/components/icon.js:365:25)
    at Icon2.componentDidLoad (http://localhost:9884/base/node_modules/@ionic/core/components/icon.js:317:18)
    at safeCall (http://localhost:9884/base/node_modules/@stencil/core/internal/client/index.js:3362:29)
    at postUpdateComponent (http://localhost:9884/base/node_modules/@stencil/core/internal/client/index.js:3295:5)
    at postUpdate (http://localhost:9884/base/node_modules/@stencil/core/internal/client/index.js:3223:30)
    at http://localhost:9884/base/node_modules/@stencil/core/internal/client/index.js:3225:7
    at Generator.next (<anonymous>)[39m
Edge 143.0.0.0 (Windows 10): Executed 0 of 18[32m SUCCESS[39m (0 secs / 0 secs)
LOG: 'e', TypeError: Failed to construct 'URL': Invalid base URL
TypeError: Failed to construct 'URL': Invalid base URL
    at getAssetPath (http://localhost:9884/base/node_modules/@stencil/core/internal/client/index.js:345:20)
    at getNamedUrl (http://localhost:9884/base/node_modules/@ionic/core/components/icon.js:47:16)
    at getUrl (http://localhost:9884/base/node_modules/@ionic/core/components/icon.js:27:16)
    at Icon2.loadIcon (http://localhost:9884/base/node_modules/@ionic/core/components/icon.js:365:25)
    at Icon2.componentDidLoad (http://localhost:9884/base/node_modules/@ionic/core/components/icon.js:317:18)
    at safeCall (http://localhost:9884/base/node_modules/@stencil/core/internal/client/index.js:3362:29)
    at postUpdateComponent (http://localhost:9884/base/node_modules/@stencil/core/internal/client/index.js:3295:5)
    at postUpdate (http://localhost:9884/base/node_modules/@stencil/core/internal/client/index.js:3223:30)
    at http://localhost:9884/base/node_modules/@stencil/core/internal/client/index.js:3225:7
    at Generator.next (<anonymous>)
[1A[2KWARN: [36m'[Ionicons Warning]: Could not load icon with name "calendar-outline". Ensure that the icon is registered using addIcons or that the icon SVG data is passed directly to the icon component.', <ion-icon _ngcontent-a-c2218527313="" name="calendar-outline" role="img" class="md hydrated"></ion-icon>[39m
Edge 143.0.0.0 (Windows 10): Executed 0 of 18[32m SUCCESS[39m (0 secs / 0 secs)
WARN: '[Ionicons Warning]: Could not load icon with name "calendar-outline". Ensure that the icon is registered using addIcons or that the icon SVG data is passed directly to the icon component.', <ion-icon _ngcontent-a-c2218527313="" name="calendar-outline" role="img" class="md hydrated"></ion-icon>
[1A[2KLOG: [36m'e', TypeError: Failed to construct 'URL': Invalid base URL
TypeError: Failed to construct 'URL': Invalid base URL
    at getAssetPath (http://localhost:9884/base/node_modules/@stencil/core/internal/client/index.js:345:20)
    at getNamedUrl (http://localhost:9884/base/node_modules/@ionic/core/components/icon.js:47:16)
    at getUrl (http://localhost:9884/base/node_modules/@ionic/core/components/icon.js:27:16)
    at Icon2.loadIcon (http://localhost:9884/base/node_modules/@ionic/core/components/icon.js:365:25)
    at Icon2.componentDidLoad (http://localhost:9884/base/node_modules/@ionic/core/components/icon.js:317:18)
    at safeCall (http://localhost:9884/base/node_modules/@stencil/core/internal/client/index.js:3362:29)
    at postUpdateComponent (http://localhost:9884/base/node_modules/@stencil/core/internal/client/index.js:3295:5)
    at postUpdate (http://localhost:9884/base/node_modules/@stencil/core/internal/client/index.js:3223:30)
    at http://localhost:9884/base/node_modules/@stencil/core/internal/client/index.js:3225:7
    at Generator.next (<anonymous>)[39m
Edge 143.0.0.0 (Windows 10): Executed 0 of 18[32m SUCCESS[39m (0 secs / 0 secs)
LOG: 'e', TypeError: Failed to construct 'URL': Invalid base URL
TypeError: Failed to construct 'URL': Invalid base URL
    at getAssetPath (http://localhost:9884/base/node_modules/@stencil/core/internal/client/index.js:345:20)
    at getNamedUrl (http://localhost:9884/base/node_modules/@ionic/core/components/icon.js:47:16)
    at getUrl (http://localhost:9884/base/node_modules/@ionic/core/components/icon.js:27:16)
    at Icon2.loadIcon (http://localhost:9884/base/node_modules/@ionic/core/components/icon.js:365:25)
    at Icon2.componentDidLoad (http://localhost:9884/base/node_modules/@ionic/core/components/icon.js:317:18)
    at safeCall (http://localhost:9884/base/node_modules/@stencil/core/internal/client/index.js:3362:29)
    at postUpdateComponent (http://localhost:9884/base/node_modules/@stencil/core/internal/client/index.js:3295:5)
    at postUpdate (http://localhost:9884/base/node_modules/@stencil/core/internal/client/index.js:3223:30)
    at http://localhost:9884/base/node_modules/@stencil/core/internal/client/index.js:3225:7
    at Generator.next (<anonymous>)
[1A[2KWARN: [36m'[Ionicons Warning]: Could not load icon with name "camera-outline". Ensure that the icon is registered using addIcons or that the icon SVG data is passed directly to the icon component.', <ion-icon _ngcontent-a-c2218527313="" name="camera-outline" role="img" class="md hydrated"></ion-icon>[39m
Edge 143.0.0.0 (Windows 10): Executed 0 of 18[32m SUCCESS[39m (0 secs / 0 secs)
WARN: '[Ionicons Warning]: Could not load icon with name "camera-outline". Ensure that the icon is registered using addIcons or that the icon SVG data is passed directly to the icon component.', <ion-icon _ngcontent-a-c2218527313="" name="camera-outline" role="img" class="md hydrated"></ion-icon>
[1A[2KLOG: [36m'e', TypeError: Failed to construct 'URL': Invalid base URL
TypeError: Failed to construct 'URL': Invalid base URL
    at getAssetPath (http://localhost:9884/base/node_modules/@stencil/core/internal/client/index.js:345:20)
    at getNamedUrl (http://localhost:9884/base/node_modules/@ionic/core/components/icon.js:47:16)
    at getUrl (http://localhost:9884/base/node_modules/@ionic/core/components/icon.js:27:16)
    at Icon2.loadIcon (http://localhost:9884/base/node_modules/@ionic/core/components/icon.js:365:25)
    at Icon2.componentDidLoad (http://localhost:9884/base/node_modules/@ionic/core/components/icon.js:317:18)
    at safeCall (http://localhost:9884/base/node_modules/@stencil/core/internal/client/index.js:3362:29)
    at postUpdateComponent (http://localhost:9884/base/node_modules/@stencil/core/internal/client/index.js:3295:5)
    at postUpdate (http://localhost:9884/base/node_modules/@stencil/core/internal/client/index.js:3223:30)
    at http://localhost:9884/base/node_modules/@stencil/core/internal/client/index.js:3225:7
    at Generator.next (<anonymous>)[39m
Edge 143.0.0.0 (Windows 10): Executed 0 of 18[32m SUCCESS[39m (0 secs / 0 secs)
LOG: 'e', TypeError: Failed to construct 'URL': Invalid base URL
TypeError: Failed to construct 'URL': Invalid base URL
    at getAssetPath (http://localhost:9884/base/node_modules/@stencil/core/internal/client/index.js:345:20)
    at getNamedUrl (http://localhost:9884/base/node_modules/@ionic/core/components/icon.js:47:16)
    at getUrl (http://localhost:9884/base/node_modules/@ionic/core/components/icon.js:27:16)
    at Icon2.loadIcon (http://localhost:9884/base/node_modules/@ionic/core/components/icon.js:365:25)
    at Icon2.componentDidLoad (http://localhost:9884/base/node_modules/@ionic/core/components/icon.js:317:18)
    at safeCall (http://localhost:9884/base/node_modules/@stencil/core/internal/client/index.js:3362:29)
    at postUpdateComponent (http://localhost:9884/base/node_modules/@stencil/core/internal/client/index.js:3295:5)
    at postUpdate (http://localhost:9884/base/node_modules/@stencil/core/internal/client/index.js:3223:30)
    at http://localhost:9884/base/node_modules/@stencil/core/internal/client/index.js:3225:7
    at Generator.next (<anonymous>)
[1A[2KWARN: [36m'[Ionicons Warning]: Could not load icon with name "location-outline". Ensure that the icon is registered using addIcons or that the icon SVG data is passed directly to the icon component.', <ion-icon _ngcontent-a-c2218527313="" name="location-outline" role="img" class="md hydrated"></ion-icon>[39m
Edge 143.0.0.0 (Windows 10): Executed 0 of 18[32m SUCCESS[39m (0 secs / 0 secs)
WARN: '[Ionicons Warning]: Could not load icon with name "location-outline". Ensure that the icon is registered using addIcons or that the icon SVG data is passed directly to the icon component.', <ion-icon _ngcontent-a-c2218527313="" name="location-outline" role="img" class="md hydrated"></ion-icon>
[1A[2KLOG: [36m'e', TypeError: Failed to construct 'URL': Invalid base URL
TypeError: Failed to construct 'URL': Invalid base URL
    at getAssetPath (http://localhost:9884/base/node_modules/@stencil/core/internal/client/index.js:345:20)
    at getNamedUrl (http://localhost:9884/base/node_modules/@ionic/core/components/icon.js:47:16)
    at getUrl (http://localhost:9884/base/node_modules/@ionic/core/components/icon.js:27:16)
    at Icon2.loadIcon (http://localhost:9884/base/node_modules/@ionic/core/components/icon.js:365:25)
    at Icon2.componentDidLoad (http://localhost:9884/base/node_modules/@ionic/core/components/icon.js:317:18)
    at safeCall (http://localhost:9884/base/node_modules/@stencil/core/internal/client/index.js:3362:29)
    at postUpdateComponent (http://localhost:9884/base/node_modules/@stencil/core/internal/client/index.js:3295:5)
    at postUpdate (http://localhost:9884/base/node_modules/@stencil/core/internal/client/index.js:3223:30)
    at http://localhost:9884/base/node_modules/@stencil/core/internal/client/index.js:3225:7
    at Generator.next (<anonymous>)[39m
Edge 143.0.0.0 (Windows 10): Executed 0 of 18[32m SUCCESS[39m (0 secs / 0 secs)
LOG: 'e', TypeError: Failed to construct 'URL': Invalid base URL
TypeError: Failed to construct 'URL': Invalid base URL
    at getAssetPath (http://localhost:9884/base/node_modules/@stencil/core/internal/client/index.js:345:20)
    at getNamedUrl (http://localhost:9884/base/node_modules/@ionic/core/components/icon.js:47:16)
    at getUrl (http://localhost:9884/base/node_modules/@ionic/core/components/icon.js:27:16)
    at Icon2.loadIcon (http://localhost:9884/base/node_modules/@ionic/core/components/icon.js:365:25)
    at Icon2.componentDidLoad (http://localhost:9884/base/node_modules/@ionic/core/components/icon.js:317:18)
    at safeCall (http://localhost:9884/base/node_modules/@stencil/core/internal/client/index.js:3362:29)
    at postUpdateComponent (http://localhost:9884/base/node_modules/@stencil/core/internal/client/index.js:3295:5)
    at postUpdate (http://localhost:9884/base/node_modules/@stencil/core/internal/client/index.js:3223:30)
    at http://localhost:9884/base/node_modules/@stencil/core/internal/client/index.js:3225:7
    at Generator.next (<anonymous>)
[1A[2KWARN: [36m'[Ionicons Warning]: Could not load icon with name "checkmark-circle". Ensure that the icon is registered using addIcons or that the icon SVG data is passed directly to the icon component.', <ion-icon _ngcontent-a-c2218527313="" slot="start" role="img" class="md hydrated" name="checkmark-circle"></ion-icon>[39m
Edge 143.0.0.0 (Windows 10): Executed 0 of 18[32m SUCCESS[39m (0 secs / 0 secs)
WARN: '[Ionicons Warning]: Could not load icon with name "checkmark-circle". Ensure that the icon is registered using addIcons or that the icon SVG data is passed directly to the icon component.', <ion-icon _ngcontent-a-c2218527313="" slot="start" role="img" class="md hydrated" name="checkmark-circle"></ion-icon>
[1A[2KLOG: [36m'e', TypeError: Failed to construct 'URL': Invalid base URL
TypeError: Failed to construct 'URL': Invalid base URL
    at getAssetPath (http://localhost:9884/base/node_modules/@stencil/core/internal/client/index.js:345:20)
    at getNamedUrl (http://localhost:9884/base/node_modules/@ionic/core/components/icon.js:47:16)
    at getUrl (http://localhost:9884/base/node_modules/@ionic/core/components/icon.js:27:16)
    at Icon2.loadIcon (http://localhost:9884/base/node_modules/@ionic/core/components/icon.js:365:25)
    at Icon2.componentDidLoad (http://localhost:9884/base/node_modules/@ionic/core/components/icon.js:317:18)
    at safeCall (http://localhost:9884/base/node_modules/@stencil/core/internal/client/index.js:3362:29)
    at postUpdateComponent (http://localhost:9884/base/node_modules/@stencil/core/internal/client/index.js:3295:5)
    at postUpdate (http://localhost:9884/base/node_modules/@stencil/core/internal/client/index.js:3223:30)
    at http://localhost:9884/base/node_modules/@stencil/core/internal/client/index.js:3225:7
    at Generator.next (<anonymous>)[39m
Edge 143.0.0.0 (Windows 10): Executed 0 of 18[32m SUCCESS[39m (0 secs / 0 secs)
LOG: 'e', TypeError: Failed to construct 'URL': Invalid base URL
TypeError: Failed to construct 'URL': Invalid base URL
    at getAssetPath (http://localhost:9884/base/node_modules/@stencil/core/internal/client/index.js:345:20)
    at getNamedUrl (http://localhost:9884/base/node_modules/@ionic/core/components/icon.js:47:16)
    at getUrl (http://localhost:9884/base/node_modules/@ionic/core/components/icon.js:27:16)
    at Icon2.loadIcon (http://localhost:9884/base/node_modules/@ionic/core/components/icon.js:365:25)
    at Icon2.componentDidLoad (http://localhost:9884/base/node_modules/@ionic/core/components/icon.js:317:18)
    at safeCall (http://localhost:9884/base/node_modules/@stencil/core/internal/client/index.js:3362:29)
    at postUpdateComponent (http://localhost:9884/base/node_modules/@stencil/core/internal/client/index.js:3295:5)
    at postUpdate (http://localhost:9884/base/node_modules/@stencil/core/internal/client/index.js:3223:30)
    at http://localhost:9884/base/node_modules/@stencil/core/internal/client/index.js:3225:7
    at Generator.next (<anonymous>)
[1A[2KWARN: [36m'[Ionicons Warning]: Could not load icon with name "trash-outline". Ensure that the icon is registered using addIcons or that the icon SVG data is passed directly to the icon component.', <ion-icon _ngcontent-a-c2218527313="" name="trash-outline" slot="start" role="img" class="md hydrated"></ion-icon>[39m
Edge 143.0.0.0 (Windows 10): Executed 0 of 18[32m SUCCESS[39m (0 secs / 0 secs)
WARN: '[Ionicons Warning]: Could not load icon with name "trash-outline". Ensure that the icon is registered using addIcons or that the icon SVG data is passed directly to the icon component.', <ion-icon _ngcontent-a-c2218527313="" name="trash-outline" slot="start" role="img" class="md hydrated"></ion-icon>
[1A[2KLOG: [36m'e', TypeError: Failed to construct 'URL': Invalid base URL
TypeError: Failed to construct 'URL': Invalid base URL
    at getAssetPath (http://localhost:9884/base/node_modules/@stencil/core/internal/client/index.js:345:20)
    at getNamedUrl (http://localhost:9884/base/node_modules/@ionic/core/components/icon.js:47:16)
    at getUrl (http://localhost:9884/base/node_modules/@ionic/core/components/icon.js:27:16)
    at Icon2.loadIcon (http://localhost:9884/base/node_modules/@ionic/core/components/icon.js:365:25)
    at Icon2.componentDidLoad (http://localhost:9884/base/node_modules/@ionic/core/components/icon.js:317:18)
    at safeCall (http://localhost:9884/base/node_modules/@stencil/core/internal/client/index.js:3362:29)
    at postUpdateComponent (http://localhost:9884/base/node_modules/@stencil/core/internal/client/index.js:3295:5)
    at postUpdate (http://localhost:9884/base/node_modules/@stencil/core/internal/client/index.js:3223:30)
    at http://localhost:9884/base/node_modules/@stencil/core/internal/client/index.js:3225:7
    at Generator.next (<anonymous>)[39m
Edge 143.0.0.0 (Windows 10): Executed 0 of 18[32m SUCCESS[39m (0 secs / 0 secs)
LOG: 'e', TypeError: Failed to construct 'URL': Invalid base URL
TypeError: Failed to construct 'URL': Invalid base URL
    at getAssetPath (http://localhost:9884/base/node_modules/@stencil/core/internal/client/index.js:345:20)
    at getNamedUrl (http://localhost:9884/base/node_modules/@ionic/core/components/icon.js:47:16)
    at getUrl (http://localhost:9884/base/node_modules/@ionic/core/components/icon.js:27:16)
    at Icon2.loadIcon (http://localhost:9884/base/node_modules/@ionic/core/components/icon.js:365:25)
    at Icon2.componentDidLoad (http://localhost:9884/base/node_modules/@ionic/core/components/icon.js:317:18)
    at safeCall (http://localhost:9884/base/node_modules/@stencil/core/internal/client/index.js:3362:29)
    at postUpdateComponent (http://localhost:9884/base/node_modules/@stencil/core/internal/client/index.js:3295:5)
    at postUpdate (http://localhost:9884/base/node_modules/@stencil/core/internal/client/index.js:3223:30)
    at http://localhost:9884/base/node_modules/@stencil/core/internal/client/index.js:3225:7
    at Generator.next (<anonymous>)
[1A[2KWARN: [36m'[Ionicons Warning]: Could not load icon with name "camera-reverse-outline". Ensure that the icon is registered using addIcons or that the icon SVG data is passed directly to the icon component.', <ion-icon _ngcontent-a-c2218527313="" name="camera-reverse-outline" slot="start" role="img" class="md hydrated"></ion-icon>[39m
Edge 143.0.0.0 (Windows 10): Executed 0 of 18[32m SUCCESS[39m (0 secs / 0 secs)
WARN: '[Ionicons Warning]: Could not load icon with name "camera-reverse-outline". Ensure that the icon is registered using addIcons or that the icon SVG data is passed directly to the icon component.', <ion-icon _ngcontent-a-c2218527313="" name="camera-reverse-outline" slot="start" role="img" class="md hydrated"></ion-icon>
[1A[2KLOG: [36m'e', TypeError: Failed to construct 'URL': Invalid base URL
TypeError: Failed to construct 'URL': Invalid base URL
    at getAssetPath (http://localhost:9884/base/node_modules/@stencil/core/internal/client/index.js:345:20)
    at getNamedUrl (http://localhost:9884/base/node_modules/@ionic/core/components/icon.js:47:16)
    at getUrl (http://localhost:9884/base/node_modules/@ionic/core/components/icon.js:27:16)
    at Icon2.loadIcon (http://localhost:9884/base/node_modules/@ionic/core/components/icon.js:365:25)
    at Icon2.componentDidLoad (http://localhost:9884/base/node_modules/@ionic/core/components/icon.js:317:18)
    at safeCall (http://localhost:9884/base/node_modules/@stencil/core/internal/client/index.js:3362:29)
    at postUpdateComponent (http://localhost:9884/base/node_modules/@stencil/core/internal/client/index.js:3295:5)
    at postUpdate (http://localhost:9884/base/node_modules/@stencil/core/internal/client/index.js:3223:30)
    at http://localhost:9884/base/node_modules/@stencil/core/internal/client/index.js:3225:7
    at Generator.next (<anonymous>)[39m
Edge 143.0.0.0 (Windows 10): Executed 0 of 18[32m SUCCESS[39m (0 secs / 0 secs)
LOG: 'e', TypeError: Failed to construct 'URL': Invalid base URL
TypeError: Failed to construct 'URL': Invalid base URL
    at getAssetPath (http://localhost:9884/base/node_modules/@stencil/core/internal/client/index.js:345:20)
    at getNamedUrl (http://localhost:9884/base/node_modules/@ionic/core/components/icon.js:47:16)
    at getUrl (http://localhost:9884/base/node_modules/@ionic/core/components/icon.js:27:16)
    at Icon2.loadIcon (http://localhost:9884/base/node_modules/@ionic/core/components/icon.js:365:25)
    at Icon2.componentDidLoad (http://localhost:9884/base/node_modules/@ionic/core/components/icon.js:317:18)
    at safeCall (http://localhost:9884/base/node_modules/@stencil/core/internal/client/index.js:3362:29)
    at postUpdateComponent (http://localhost:9884/base/node_modules/@stencil/core/internal/client/index.js:3295:5)
    at postUpdate (http://localhost:9884/base/node_modules/@stencil/core/internal/client/index.js:3223:30)
    at http://localhost:9884/base/node_modules/@stencil/core/internal/client/index.js:3225:7
    at Generator.next (<anonymous>)
[1A[2KWARN: [36m'[Ionicons Warning]: Could not load icon with name "navigate-circle-outline". Ensure that the icon is registered using addIcons or that the icon SVG data is passed directly to the icon component.', <ion-icon _ngcontent-a-c2218527313="" name="navigate-circle-outline" slot="start" role="img" class="md hydrated"></ion-icon>[39m
Edge 143.0.0.0 (Windows 10): Executed 0 of 18[32m SUCCESS[39m (0 secs / 0 secs)
WARN: '[Ionicons Warning]: Could not load icon with name "navigate-circle-outline". Ensure that the icon is registered using addIcons or that the icon SVG data is passed directly to the icon component.', <ion-icon _ngcontent-a-c2218527313="" name="navigate-circle-outline" slot="start" role="img" class="md hydrated"></ion-icon>
[1A[2KEdge 143.0.0.0 (Windows 10): Executed 1 of 18[32m SUCCESS[39m (0 secs / 0.711 secs)
[33m14 12 2025 21:59:47.066:WARN [web-server]: [39m404: /base64-image
[1A[2KLOG: [36m'e', TypeError: Failed to construct 'URL': Invalid base URL
TypeError: Failed to construct 'URL': Invalid base URL
    at getAssetPath (http://localhost:9884/base/node_modules/@stencil/core/internal/client/index.js:345:20)
    at getNamedUrl (http://localhost:9884/base/node_modules/@ionic/core/components/icon.js:47:16)
    at getUrl (http://localhost:9884/base/node_modules/@ionic/core/components/icon.js:27:16)
    at Icon2.loadIcon (http://localhost:9884/base/node_modules/@ionic/core/components/icon.js:365:25)
    at http://localhost:9884/base/node_modules/@ionic/core/components/icon.js:303:18
    at Icon2.waitUntilVisible (http://localhost:9884/base/node_modules/@ionic/core/components/icon.js:348:20)
    at Icon2.connectedCallback (http://localhost:9884/base/node_modules/@ionic/core/components/icon.js:301:14)
    at Icon2.connectedCallback (http://localhost:9884/base/node_modules/@stencil/core/internal/client/index.js:3987:35)
    at EmulatedEncapsulationDomRenderer2.insertBefore (http://localhost:9884/base/node_modules/@angular/platform-browser/fesm2022/dom_renderer.mjs:569:26)
    at nativeInsertBefore (http://localhost:9884/base/node_modules/@angular/core/fesm2022/debug_node.mjs:6790:14)[39m
Edge 143.0.0.0 (Windows 10): Executed 1 of 18[32m SUCCESS[39m (0 secs / 0.711 secs)
LOG: 'e', TypeError: Failed to construct 'URL': Invalid base URL
TypeError: Failed to construct 'URL': Invalid base URL
    at getAssetPath (http://localhost:9884/base/node_modules/@stencil/core/internal/client/index.js:345:20)
    at getNamedUrl (http://localhost:9884/base/node_modules/@ionic/core/components/icon.js:47:16)
    at getUrl (http://localhost:9884/base/node_modules/@ionic/core/components/icon.js:27:16)
    at Icon2.loadIcon (http://localhost:9884/base/node_modules/@ionic/core/components/icon.js:365:25)
    at http://localhost:9884/base/node_modules/@ionic/core/components/icon.js:303:18
    at Icon2.waitUntilVisible (http://localhost:9884/base/node_modules/@ionic/core/components/icon.js:348:20)
    at Icon2.connectedCallback (http://localhost:9884/base/node_modules/@ionic/core/components/icon.js:301:14)
    at Icon2.connectedCallback (http://localhost:9884/base/node_modules/@stencil/core/internal/client/index.js:3987:35)
    at EmulatedEncapsulationDomRenderer2.insertBefore (http://localhost:9884/base/node_modules/@angular/platform-browser/fesm2022/dom_renderer.mjs:569:26)
    at nativeInsertBefore (http://localhost:9884/base/node_modules/@angular/core/fesm2022/debug_node.mjs:6790:14)
[1A[2KWARN: [36m'[Ionicons Warning]: Could not load icon with name "calendar-outline". Ensure that the icon is registered using addIcons or that the icon SVG data is passed directly to the icon component.', <ion-icon _ngcontent-a-c2218527313="" name="calendar-outline"></ion-icon>[39m
Edge 143.0.0.0 (Windows 10): Executed 1 of 18[32m SUCCESS[39m (0 secs / 0.711 secs)
WARN: '[Ionicons Warning]: Could not load icon with name "calendar-outline". Ensure that the icon is registered using addIcons or that the icon SVG data is passed directly to the icon component.', <ion-icon _ngcontent-a-c2218527313="" name="calendar-outline"></ion-icon>
[1A[2KLOG: [36m'e', TypeError: Failed to construct 'URL': Invalid base URL
TypeError: Failed to construct 'URL': Invalid base URL
    at getAssetPath (http://localhost:9884/base/node_modules/@stencil/core/internal/client/index.js:345:20)
    at getNamedUrl (http://localhost:9884/base/node_modules/@ionic/core/components/icon.js:47:16)
    at getUrl (http://localhost:9884/base/node_modules/@ionic/core/components/icon.js:27:16)
    at Icon2.loadIcon (http://localhost:9884/base/node_modules/@ionic/core/components/icon.js:365:25)
    at http://localhost:9884/base/node_modules/@ionic/core/components/icon.js:303:18
    at Icon2.waitUntilVisible (http://localhost:9884/base/node_modules/@ionic/core/components/icon.js:348:20)
    at Icon2.connectedCallback (http://localhost:9884/base/node_modules/@ionic/core/components/icon.js:301:14)
    at Icon2.connectedCallback (http://localhost:9884/base/node_modules/@stencil/core/internal/client/index.js:3987:35)
    at EmulatedEncapsulationDomRenderer2.insertBefore (http://localhost:9884/base/node_modules/@angular/platform-browser/fesm2022/dom_renderer.mjs:569:26)
    at nativeInsertBefore (http://localhost:9884/base/node_modules/@angular/core/fesm2022/debug_node.mjs:6790:14)[39m
Edge 143.0.0.0 (Windows 10): Executed 1 of 18[32m SUCCESS[39m (0 secs / 0.711 secs)
LOG: 'e', TypeError: Failed to construct 'URL': Invalid base URL
TypeError: Failed to construct 'URL': Invalid base URL
    at getAssetPath (http://localhost:9884/base/node_modules/@stencil/core/internal/client/index.js:345:20)
    at getNamedUrl (http://localhost:9884/base/node_modules/@ionic/core/components/icon.js:47:16)
    at getUrl (http://localhost:9884/base/node_modules/@ionic/core/components/icon.js:27:16)
    at Icon2.loadIcon (http://localhost:9884/base/node_modules/@ionic/core/components/icon.js:365:25)
    at http://localhost:9884/base/node_modules/@ionic/core/components/icon.js:303:18
    at Icon2.waitUntilVisible (http://localhost:9884/base/node_modules/@ionic/core/components/icon.js:348:20)
    at Icon2.connectedCallback (http://localhost:9884/base/node_modules/@ionic/core/components/icon.js:301:14)
    at Icon2.connectedCallback (http://localhost:9884/base/node_modules/@stencil/core/internal/client/index.js:3987:35)
    at EmulatedEncapsulationDomRenderer2.insertBefore (http://localhost:9884/base/node_modules/@angular/platform-browser/fesm2022/dom_renderer.mjs:569:26)
    at nativeInsertBefore (http://localhost:9884/base/node_modules/@angular/core/fesm2022/debug_node.mjs:6790:14)
[1A[2KWARN: [36m'[Ionicons Warning]: Could not load icon with name "camera-outline". Ensure that the icon is registered using addIcons or that the icon SVG data is passed directly to the icon component.', <ion-icon _ngcontent-a-c2218527313="" name="camera-outline"></ion-icon>[39m
Edge 143.0.0.0 (Windows 10): Executed 1 of 18[32m SUCCESS[39m (0 secs / 0.711 secs)
WARN: '[Ionicons Warning]: Could not load icon with name "camera-outline". Ensure that the icon is registered using addIcons or that the icon SVG data is passed directly to the icon component.', <ion-icon _ngcontent-a-c2218527313="" name="camera-outline"></ion-icon>
[1A[2KLOG: [36m'e', TypeError: Failed to construct 'URL': Invalid base URL
TypeError: Failed to construct 'URL': Invalid base URL
    at getAssetPath (http://localhost:9884/base/node_modules/@stencil/core/internal/client/index.js:345:20)
    at getNamedUrl (http://localhost:9884/base/node_modules/@ionic/core/components/icon.js:47:16)
    at getUrl (http://localhost:9884/base/node_modules/@ionic/core/components/icon.js:27:16)
    at Icon2.loadIcon (http://localhost:9884/base/node_modules/@ionic/core/components/icon.js:365:25)
    at http://localhost:9884/base/node_modules/@ionic/core/components/icon.js:303:18
    at Icon2.waitUntilVisible (http://localhost:9884/base/node_modules/@ionic/core/components/icon.js:348:20)
    at Icon2.connectedCallback (http://localhost:9884/base/node_modules/@ionic/core/components/icon.js:301:14)
    at Icon2.connectedCallback (http://localhost:9884/base/node_modules/@stencil/core/internal/client/index.js:3987:35)
    at EmulatedEncapsulationDomRenderer2.insertBefore (http://localhost:9884/base/node_modules/@angular/platform-browser/fesm2022/dom_renderer.mjs:569:26)
    at nativeInsertBefore (http://localhost:9884/base/node_modules/@angular/core/fesm2022/debug_node.mjs:6790:14)[39m
Edge 143.0.0.0 (Windows 10): Executed 1 of 18[32m SUCCESS[39m (0 secs / 0.711 secs)
LOG: 'e', TypeError: Failed to construct 'URL': Invalid base URL
TypeError: Failed to construct 'URL': Invalid base URL
    at getAssetPath (http://localhost:9884/base/node_modules/@stencil/core/internal/client/index.js:345:20)
    at getNamedUrl (http://localhost:9884/base/node_modules/@ionic/core/components/icon.js:47:16)
    at getUrl (http://localhost:9884/base/node_modules/@ionic/core/components/icon.js:27:16)
    at Icon2.loadIcon (http://localhost:9884/base/node_modules/@ionic/core/components/icon.js:365:25)
    at http://localhost:9884/base/node_modules/@ionic/core/components/icon.js:303:18
    at Icon2.waitUntilVisible (http://localhost:9884/base/node_modules/@ionic/core/components/icon.js:348:20)
    at Icon2.connectedCallback (http://localhost:9884/base/node_modules/@ionic/core/components/icon.js:301:14)
    at Icon2.connectedCallback (http://localhost:9884/base/node_modules/@stencil/core/internal/client/index.js:3987:35)
    at EmulatedEncapsulationDomRenderer2.insertBefore (http://localhost:9884/base/node_modules/@angular/platform-browser/fesm2022/dom_renderer.mjs:569:26)
    at nativeInsertBefore (http://localhost:9884/base/node_modules/@angular/core/fesm2022/debug_node.mjs:6790:14)
[1A[2KWARN: [36m'[Ionicons Warning]: Could not load icon with name "location-outline". Ensure that the icon is registered using addIcons or that the icon SVG data is passed directly to the icon component.', <ion-icon _ngcontent-a-c2218527313="" name="location-outline"></ion-icon>[39m
Edge 143.0.0.0 (Windows 10): Executed 1 of 18[32m SUCCESS[39m (0 secs / 0.711 secs)
WARN: '[Ionicons Warning]: Could not load icon with name "location-outline". Ensure that the icon is registered using addIcons or that the icon SVG data is passed directly to the icon component.', <ion-icon _ngcontent-a-c2218527313="" name="location-outline"></ion-icon>
[1A[2K[31mEdge 143.0.0.0 (Windows 10) DetalleTareaPage toggleEstado() should change completada and update date FAILED[39m
	Error: NG02100: InvalidPipeArgument: 'NG02311: Unable to convert "old-date" into a date' for pipe '_DatePipe'
	error properties: Object({ code: 2100 })
	    at invalidPipeArgumentError (node_modules/@angular/common/fesm2022/common_module.mjs:3564:12)
	    at _DatePipe.transform (node_modules/@angular/common/fesm2022/common_module.mjs:4065:19)
	    at pureFunction2Internal (node_modules/@angular/core/fesm2022/debug_node.mjs:28795:67)
	    at ɵɵpipeBind2 (node_modules/@angular/core/fesm2022/debug_node.mjs:29017:11)
	    at DetalleTareaPage2_div_10_Template (ng:///DetalleTareaPage2.js:156:35)
	    at executeTemplate (node_modules/@angular/core/fesm2022/debug_node.mjs:9040:9)
	    at refreshView (node_modules/@angular/core/fesm2022/debug_node.mjs:10076:13)
	    at detectChangesInView (node_modules/@angular/core/fesm2022/debug_node.mjs:10296:9)
	    at detectChangesInViewIfAttached (node_modules/@angular/core/fesm2022/debug_node.mjs:10256:5)
	    at detectChangesInEmbeddedViews (node_modules/@angular/core/fesm2022/debug_node.mjs:10213:13)
Edge 143.0.0.0 (Windows 10): Executed 2 of 18[31m (1 FAILED)[39m (0 secs / 0.801 secs)
[1A[2KLOG: [36m'e', TypeError: Failed to construct 'URL': Invalid base URL
TypeError: Failed to construct 'URL': Invalid base URL
    at getAssetPath (http://localhost:9884/base/node_modules/@stencil/core/internal/client/index.js:345:20)
    at getNamedUrl (http://localhost:9884/base/node_modules/@ionic/core/components/icon.js:47:16)
    at getUrl (http://localhost:9884/base/node_modules/@ionic/core/components/icon.js:27:16)
    at Icon2.loadIcon (http://localhost:9884/base/node_modules/@ionic/core/components/icon.js:365:25)
    at Icon2.componentDidLoad (http://localhost:9884/base/node_modules/@ionic/core/components/icon.js:317:18)
    at safeCall (http://localhost:9884/base/node_modules/@stencil/core/internal/client/index.js:3362:29)
    at postUpdateComponent (http://localhost:9884/base/node_modules/@stencil/core/internal/client/index.js:3295:5)
    at postUpdate (http://localhost:9884/base/node_modules/@stencil/core/internal/client/index.js:3223:30)
    at http://localhost:9884/base/node_modules/@stencil/core/internal/client/index.js:3225:7
    at Generator.next (<anonymous>)[39m
Edge 143.0.0.0 (Windows 10): Executed 2 of 18[31m (1 FAILED)[39m (0 secs / 0.801 secs)
LOG: 'e', TypeError: Failed to construct 'URL': Invalid base URL
TypeError: Failed to construct 'URL': Invalid base URL
    at getAssetPath (http://localhost:9884/base/node_modules/@stencil/core/internal/client/index.js:345:20)
    at getNamedUrl (http://localhost:9884/base/node_modules/@ionic/core/components/icon.js:47:16)
    at getUrl (http://localhost:9884/base/node_modules/@ionic/core/components/icon.js:27:16)
    at Icon2.loadIcon (http://localhost:9884/base/node_modules/@ionic/core/components/icon.js:365:25)
    at Icon2.componentDidLoad (http://localhost:9884/base/node_modules/@ionic/core/components/icon.js:317:18)
    at safeCall (http://localhost:9884/base/node_modules/@stencil/core/internal/client/index.js:3362:29)
    at postUpdateComponent (http://localhost:9884/base/node_modules/@stencil/core/internal/client/index.js:3295:5)
    at postUpdate (http://localhost:9884/base/node_modules/@stencil/core/internal/client/index.js:3223:30)
    at http://localhost:9884/base/node_modules/@stencil/core/internal/client/index.js:3225:7
    at Generator.next (<anonymous>)
[1A[2KWARN: [36m'[Ionicons Warning]: Could not load icon with name "calendar-outline". Ensure that the icon is registered using addIcons or that the icon SVG data is passed directly to the icon component.', <ion-icon _ngcontent-a-c2218527313="" name="calendar-outline" role="img" class="md hydrated"></ion-icon>[39m
Edge 143.0.0.0 (Windows 10): Executed 2 of 18[31m (1 FAILED)[39m (0 secs / 0.801 secs)
WARN: '[Ionicons Warning]: Could not load icon with name "calendar-outline". Ensure that the icon is registered using addIcons or that the icon SVG data is passed directly to the icon component.', <ion-icon _ngcontent-a-c2218527313="" name="calendar-outline" role="img" class="md hydrated"></ion-icon>
[1A[2KLOG: [36m'e', TypeError: Failed to construct 'URL': Invalid base URL
TypeError: Failed to construct 'URL': Invalid base URL
    at getAssetPath (http://localhost:9884/base/node_modules/@stencil/core/internal/client/index.js:345:20)
    at getNamedUrl (http://localhost:9884/base/node_modules/@ionic/core/components/icon.js:47:16)
    at getUrl (http://localhost:9884/base/node_modules/@ionic/core/components/icon.js:27:16)
    at Icon2.loadIcon (http://localhost:9884/base/node_modules/@ionic/core/components/icon.js:365:25)
    at Icon2.componentDidLoad (http://localhost:9884/base/node_modules/@ionic/core/components/icon.js:317:18)
    at safeCall (http://localhost:9884/base/node_modules/@stencil/core/internal/client/index.js:3362:29)
    at postUpdateComponent (http://localhost:9884/base/node_modules/@stencil/core/internal/client/index.js:3295:5)
    at postUpdate (http://localhost:9884/base/node_modules/@stencil/core/internal/client/index.js:3223:30)
    at http://localhost:9884/base/node_modules/@stencil/core/internal/client/index.js:3225:7
    at Generator.next (<anonymous>)[39m
Edge 143.0.0.0 (Windows 10): Executed 2 of 18[31m (1 FAILED)[39m (0 secs / 0.801 secs)
LOG: 'e', TypeError: Failed to construct 'URL': Invalid base URL
TypeError: Failed to construct 'URL': Invalid base URL
    at getAssetPath (http://localhost:9884/base/node_modules/@stencil/core/internal/client/index.js:345:20)
    at getNamedUrl (http://localhost:9884/base/node_modules/@ionic/core/components/icon.js:47:16)
    at getUrl (http://localhost:9884/base/node_modules/@ionic/core/components/icon.js:27:16)
    at Icon2.loadIcon (http://localhost:9884/base/node_modules/@ionic/core/components/icon.js:365:25)
    at Icon2.componentDidLoad (http://localhost:9884/base/node_modules/@ionic/core/components/icon.js:317:18)
    at safeCall (http://localhost:9884/base/node_modules/@stencil/core/internal/client/index.js:3362:29)
    at postUpdateComponent (http://localhost:9884/base/node_modules/@stencil/core/internal/client/index.js:3295:5)
    at postUpdate (http://localhost:9884/base/node_modules/@stencil/core/internal/client/index.js:3223:30)
    at http://localhost:9884/base/node_modules/@stencil/core/internal/client/index.js:3225:7
    at Generator.next (<anonymous>)
[1A[2KWARN: [36m'[Ionicons Warning]: Could not load icon with name "camera-outline". Ensure that the icon is registered using addIcons or that the icon SVG data is passed directly to the icon component.', <ion-icon _ngcontent-a-c2218527313="" name="camera-outline" role="img" class="md hydrated"></ion-icon>[39m
Edge 143.0.0.0 (Windows 10): Executed 2 of 18[31m (1 FAILED)[39m (0 secs / 0.801 secs)
WARN: '[Ionicons Warning]: Could not load icon with name "camera-outline". Ensure that the icon is registered using addIcons or that the icon SVG data is passed directly to the icon component.', <ion-icon _ngcontent-a-c2218527313="" name="camera-outline" role="img" class="md hydrated"></ion-icon>
[1A[2KLOG: [36m'e', TypeError: Failed to construct 'URL': Invalid base URL
TypeError: Failed to construct 'URL': Invalid base URL
    at getAssetPath (http://localhost:9884/base/node_modules/@stencil/core/internal/client/index.js:345:20)
    at getNamedUrl (http://localhost:9884/base/node_modules/@ionic/core/components/icon.js:47:16)
    at getUrl (http://localhost:9884/base/node_modules/@ionic/core/components/icon.js:27:16)
    at Icon2.loadIcon (http://localhost:9884/base/node_modules/@ionic/core/components/icon.js:365:25)
    at Icon2.componentDidLoad (http://localhost:9884/base/node_modules/@ionic/core/components/icon.js:317:18)
    at safeCall (http://localhost:9884/base/node_modules/@stencil/core/internal/client/index.js:3362:29)
    at postUpdateComponent (http://localhost:9884/base/node_modules/@stencil/core/internal/client/index.js:3295:5)
    at postUpdate (http://localhost:9884/base/node_modules/@stencil/core/internal/client/index.js:3223:30)
    at http://localhost:9884/base/node_modules/@stencil/core/internal/client/index.js:3225:7
    at Generator.next (<anonymous>)[39m
Edge 143.0.0.0 (Windows 10): Executed 2 of 18[31m (1 FAILED)[39m (0 secs / 0.801 secs)
LOG: 'e', TypeError: Failed to construct 'URL': Invalid base URL
TypeError: Failed to construct 'URL': Invalid base URL
    at getAssetPath (http://localhost:9884/base/node_modules/@stencil/core/internal/client/index.js:345:20)
    at getNamedUrl (http://localhost:9884/base/node_modules/@ionic/core/components/icon.js:47:16)
    at getUrl (http://localhost:9884/base/node_modules/@ionic/core/components/icon.js:27:16)
    at Icon2.loadIcon (http://localhost:9884/base/node_modules/@ionic/core/components/icon.js:365:25)
    at Icon2.componentDidLoad (http://localhost:9884/base/node_modules/@ionic/core/components/icon.js:317:18)
    at safeCall (http://localhost:9884/base/node_modules/@stencil/core/internal/client/index.js:3362:29)
    at postUpdateComponent (http://localhost:9884/base/node_modules/@stencil/core/internal/client/index.js:3295:5)
    at postUpdate (http://localhost:9884/base/node_modules/@stencil/core/internal/client/index.js:3223:30)
    at http://localhost:9884/base/node_modules/@stencil/core/internal/client/index.js:3225:7
    at Generator.next (<anonymous>)
[1A[2KWARN: [36m'[Ionicons Warning]: Could not load icon with name "location-outline". Ensure that the icon is registered using addIcons or that the icon SVG data is passed directly to the icon component.', <ion-icon _ngcontent-a-c2218527313="" name="location-outline" role="img" class="md hydrated"></ion-icon>[39m
Edge 143.0.0.0 (Windows 10): Executed 2 of 18[31m (1 FAILED)[39m (0 secs / 0.801 secs)
WARN: '[Ionicons Warning]: Could not load icon with name "location-outline". Ensure that the icon is registered using addIcons or that the icon SVG data is passed directly to the icon component.', <ion-icon _ngcontent-a-c2218527313="" name="location-outline" role="img" class="md hydrated"></ion-icon>
[1A[2KLOG: [36m'e', TypeError: Failed to construct 'URL': Invalid base URL
TypeError: Failed to construct 'URL': Invalid base URL
    at getAssetPath (http://localhost:9884/base/node_modules/@stencil/core/internal/client/index.js:345:20)
    at getNamedUrl (http://localhost:9884/base/node_modules/@ionic/core/components/icon.js:47:16)
    at getUrl (http://localhost:9884/base/node_modules/@ionic/core/components/icon.js:27:16)
    at Icon2.loadIcon (http://localhost:9884/base/node_modules/@ionic/core/components/icon.js:365:25)
    at http://localhost:9884/base/node_modules/@ionic/core/components/icon.js:303:18
    at Icon2.waitUntilVisible (http://localhost:9884/base/node_modules/@ionic/core/components/icon.js:348:20)
    at Icon2.connectedCallback (http://localhost:9884/base/node_modules/@ionic/core/components/icon.js:301:14)
    at Icon2.connectedCallback (http://localhost:9884/base/node_modules/@stencil/core/internal/client/index.js:3987:35)
    at EmulatedEncapsulationDomRenderer2.insertBefore (http://localhost:9884/base/node_modules/@angular/platform-browser/fesm2022/dom_renderer.mjs:569:26)
    at nativeInsertBefore (http://localhost:9884/base/node_modules/@angular/core/fesm2022/debug_node.mjs:6790:14)[39m
Edge 143.0.0.0 (Windows 10): Executed 2 of 18[31m (1 FAILED)[39m (0 secs / 0.801 secs)
LOG: 'e', TypeError: Failed to construct 'URL': Invalid base URL
TypeError: Failed to construct 'URL': Invalid base URL
    at getAssetPath (http://localhost:9884/base/node_modules/@stencil/core/internal/client/index.js:345:20)
    at getNamedUrl (http://localhost:9884/base/node_modules/@ionic/core/components/icon.js:47:16)
    at getUrl (http://localhost:9884/base/node_modules/@ionic/core/components/icon.js:27:16)
    at Icon2.loadIcon (http://localhost:9884/base/node_modules/@ionic/core/components/icon.js:365:25)
    at http://localhost:9884/base/node_modules/@ionic/core/components/icon.js:303:18
    at Icon2.waitUntilVisible (http://localhost:9884/base/node_modules/@ionic/core/components/icon.js:348:20)
    at Icon2.connectedCallback (http://localhost:9884/base/node_modules/@ionic/core/components/icon.js:301:14)
    at Icon2.connectedCallback (http://localhost:9884/base/node_modules/@stencil/core/internal/client/index.js:3987:35)
    at EmulatedEncapsulationDomRenderer2.insertBefore (http://localhost:9884/base/node_modules/@angular/platform-browser/fesm2022/dom_renderer.mjs:569:26)
    at nativeInsertBefore (http://localhost:9884/base/node_modules/@angular/core/fesm2022/debug_node.mjs:6790:14)
[1A[2KWARN: [36m'[Ionicons Warning]: Could not load icon with name "alert-circle-outline". Ensure that the icon is registered using addIcons or that the icon SVG data is passed directly to the icon component.', <ion-icon _ngcontent-a-c2218527313="" name="alert-circle-outline" color="medium" size="large"></ion-icon>[39m
Edge 143.0.0.0 (Windows 10): Executed 2 of 18[31m (1 FAILED)[39m (0 secs / 0.801 secs)
WARN: '[Ionicons Warning]: Could not load icon with name "alert-circle-outline". Ensure that the icon is registered using addIcons or that the icon SVG data is passed directly to the icon component.', <ion-icon _ngcontent-a-c2218527313="" name="alert-circle-outline" color="medium" size="large"></ion-icon>
[1A[2KEdge 143.0.0.0 (Windows 10): Executed 3 of 18[31m (1 FAILED)[39m (0 secs / 0.815 secs)
[1A[2KLOG: [36m'e', TypeError: Failed to construct 'URL': Invalid base URL
TypeError: Failed to construct 'URL': Invalid base URL
    at getAssetPath (http://localhost:9884/base/node_modules/@stencil/core/internal/client/index.js:345:20)
    at getNamedUrl (http://localhost:9884/base/node_modules/@ionic/core/components/icon.js:47:16)
    at getUrl (http://localhost:9884/base/node_modules/@ionic/core/components/icon.js:27:16)
    at Icon2.loadIcon (http://localhost:9884/base/node_modules/@ionic/core/components/icon.js:365:25)
    at Icon2.componentDidLoad (http://localhost:9884/base/node_modules/@ionic/core/components/icon.js:317:18)
    at safeCall (http://localhost:9884/base/node_modules/@stencil/core/internal/client/index.js:3362:29)
    at postUpdateComponent (http://localhost:9884/base/node_modules/@stencil/core/internal/client/index.js:3295:5)
    at postUpdate (http://localhost:9884/base/node_modules/@stencil/core/internal/client/index.js:3223:30)
    at http://localhost:9884/base/node_modules/@stencil/core/internal/client/index.js:3225:7
    at Generator.next (<anonymous>)[39m
Edge 143.0.0.0 (Windows 10): Executed 3 of 18[31m (1 FAILED)[39m (0 secs / 0.815 secs)
LOG: 'e', TypeError: Failed to construct 'URL': Invalid base URL
TypeError: Failed to construct 'URL': Invalid base URL
    at getAssetPath (http://localhost:9884/base/node_modules/@stencil/core/internal/client/index.js:345:20)
    at getNamedUrl (http://localhost:9884/base/node_modules/@ionic/core/components/icon.js:47:16)
    at getUrl (http://localhost:9884/base/node_modules/@ionic/core/components/icon.js:27:16)
    at Icon2.loadIcon (http://localhost:9884/base/node_modules/@ionic/core/components/icon.js:365:25)
    at Icon2.componentDidLoad (http://localhost:9884/base/node_modules/@ionic/core/components/icon.js:317:18)
    at safeCall (http://localhost:9884/base/node_modules/@stencil/core/internal/client/index.js:3362:29)
    at postUpdateComponent (http://localhost:9884/base/node_modules/@stencil/core/internal/client/index.js:3295:5)
    at postUpdate (http://localhost:9884/base/node_modules/@stencil/core/internal/client/index.js:3223:30)
    at http://localhost:9884/base/node_modules/@stencil/core/internal/client/index.js:3225:7
    at Generator.next (<anonymous>)
[1A[2KWARN: [36m'[Ionicons Warning]: Could not load icon with name "alert-circle-outline". Ensure that the icon is registered using addIcons or that the icon SVG data is passed directly to the icon component.', <ion-icon _ngcontent-a-c2218527313="" name="alert-circle-outline" color="medium" size="large" role="img" class="md ion-color ion-color-medium icon-large hydrated"></ion-icon>[39m
Edge 143.0.0.0 (Windows 10): Executed 3 of 18[31m (1 FAILED)[39m (0 secs / 0.815 secs)
WARN: '[Ionicons Warning]: Could not load icon with name "alert-circle-outline". Ensure that the icon is registered using addIcons or that the icon SVG data is passed directly to the icon component.', <ion-icon _ngcontent-a-c2218527313="" name="alert-circle-outline" color="medium" size="large" role="img" class="md ion-color ion-color-medium icon-large hydrated"></ion-icon>
[1A[2KEdge 143.0.0.0 (Windows 10): Executed 3 of 18[31m (1 FAILED)[39m (skipped 15) (0.87 secs / 0.815 secs)
[31mTOTAL: 1 FAILED, 2 SUCCESS[39m
